---
source: tests/structured_rich_display_snapshots.rs
expression: svg
extension: svg
snapshot_kind: binary
---
